***************
* Code source *
***************

  1 :	#
  2 :	#  Somme des éléments d'un tableau
  3 :	#
  4 :	#  données  : N, T[N]
  5 :	#  résultat : S
  6 :		
  7 :		loadi  	0	# S = 0
  8 :		store	S
  9 :		store	K       # K = 0
 10 :	
 11 :		# pour K de 0 à N-1
 12 :	
 13 :	Boucle
 14 :		load 	N    	# si K==N aller à Fin
 15 :		sub 	K
 16 :		jzero	Fin
 17 :	
 18 :		loadi 	T	# P = & T[K]
 19 :		add	K
 20 :		store	P
 21 :	
 22 :		loadx	P       #  S += *P
 23 :		add	S
 24 :		store	S
 25 :	
 26 :		loadi	1	# K++
 27 :		add	K
 28 :		store	K
 29 :	
 30 :		jmp	Boucle
 31 :		
 32 :	Fin
 33 :		halt	0
 34 :	#
 35 :	# tableau de 5 cases
 36 :	#
 37 :	N  	word 	5	
 38 :	T 	word  	10000
 39 :		word  	2000
 40 :		word   	300
 41 :		word    40
 42 :		word	5
 43 :	#
 44 :	# variables
 45 :	#
 46 :	K 	word 	0   	# indice
 47 :	P       word 	0     	# pointeur
 48 :	S	word 	0     	# somme

**********************
* Table des symboles *
**********************

Symbole     Ligne   =Decimal =Hex  References
----------  -----   -------- ----  ----------
Boucle         13          3 0003   30
Fin            32         16 0010   16
K              46         23 0017   9 15 19 27 28
N              37         17 0011   14
P              47         24 0018   20 22
S              48         25 0019   8 23 24
T              38         18 0012   18
----------  -----   -------- ----  ----------

*****************
* Image memoire *
*****************

000:  0000   (0)
001:  3019   (12313)
002:  3017   (12311)
003:  1011   (4113)
004:  6017   (24599)
005:  9010   (36880)
006:  0012   (18)
007:  5017   (20503)
008:  3018   (12312)
009:  2018   (8216)
00a:  5019   (20505)
00b:  3019   (12313)
00c:  0001   (1)
00d:  5017   (20503)
00e:  3017   (12311)
00f:  7003   (28675)
010:  c000   (49152)
011:  0005   (5)
012:  2710   (10000)
013:  07d0   (2000)
014:  012c   (300)
015:  0028   (40)
016:  0005   (5)
017:  0000   (0)
018:  0000   (0)
019:  0000   (0)

*** 0 erreur(s)
