***************
* Code source *
***************

  1 :	#
  2 :	# Calcul de la somme des entiers de 1 à N
  3 :	#
  4 :	    loadi 0    # S=0
  5 :	    store S
  6 :	
  7 :	    loadi 1    # K=1
  8 :	    store K
  9 :	
 10 :	BOUCLE         # si K>N aller à suite
 11 :	    load  N    # - calcul N-K
 12 :	    sub   K
 13 :	    jneg  SUITE   
 14 :	    
 15 :	    load  S    # S = S+K 
 16 :	    add   K 
 17 :	    store S
 18 :	
 19 :	    loadi  1   # K = K+1
 20 :	    add    K
 21 :	    store  K
 22 :	    jmp   BOUCLE
 23 :	
 24 :	SUITE
 25 :	    halt 0
 26 :	#
 27 :	# variables
 28 :	#
 29 :	N   word  5
 30 :	K   word  0
 31 :	S   word  0
 32 :		

**********************
* Table des symboles *
**********************

Symbole     Ligne   =Decimal =Hex  References
----------  -----   -------- ----  ----------
BOUCLE         10          4 0004   22
K              30         16 0010   8 12 16 20 21
N              29         15 000F   11
S              31         17 0011   5 15 17
SUITE          24         14 000E   13
----------  -----   -------- ----  ----------

*****************
* Image memoire *
*****************

000:  0000   (0)
001:  3011   (12305)
002:  0001   (1)
003:  3010   (12304)
004:  100f   (4111)
005:  6010   (24592)
006:  800e   (32782)
007:  1011   (4113)
008:  5010   (20496)
009:  3011   (12305)
00a:  0001   (1)
00b:  5010   (20496)
00c:  3010   (12304)
00d:  7004   (28676)
00e:  c000   (49152)
00f:  0005   (5)
010:  0000   (0)
011:  0000   (0)

*** 0 erreur(s)
